mode: set
github.com/user/mangahub/internal/infrastructure/sqlite.go:11.47,13.16 2 1
github.com/user/mangahub/internal/infrastructure/sqlite.go:13.16,15.3 1 0
github.com/user/mangahub/internal/infrastructure/sqlite.go:18.2,18.34 1 1
github.com/user/mangahub/internal/infrastructure/sqlite.go:18.34,20.3 1 1
github.com/user/mangahub/internal/infrastructure/sqlite.go:23.2,28.16 3 1
github.com/user/mangahub/internal/infrastructure/sqlite.go:28.16,30.3 1 0
github.com/user/mangahub/internal/infrastructure/sqlite.go:32.2,32.16 1 1
github.com/user/mangahub/internal/infrastructure/sqlite.go:36.35,63.16 3 1
github.com/user/mangahub/internal/infrastructure/sqlite.go:63.16,65.3 1 0
github.com/user/mangahub/internal/infrastructure/sqlite.go:66.2,66.12 1 1
github.com/user/mangahub/internal/application/auth_service.go:26.61,28.2 1 1
github.com/user/mangahub/internal/application/auth_service.go:30.87,31.73 1 1
github.com/user/mangahub/internal/application/auth_service.go:31.73,33.3 1 1
github.com/user/mangahub/internal/application/auth_service.go:35.2,36.16 2 1
github.com/user/mangahub/internal/application/auth_service.go:36.16,38.3 1 0
github.com/user/mangahub/internal/application/auth_service.go:40.2,46.43 2 1
github.com/user/mangahub/internal/application/auth_service.go:46.43,48.3 1 0
github.com/user/mangahub/internal/application/auth_service.go:50.2,50.15 1 1
github.com/user/mangahub/internal/application/auth_service.go:53.78,55.31 2 1
github.com/user/mangahub/internal/application/auth_service.go:55.31,57.3 1 0
github.com/user/mangahub/internal/application/auth_service.go:59.2,59.99 1 1
github.com/user/mangahub/internal/application/auth_service.go:59.99,61.3 1 1
github.com/user/mangahub/internal/application/auth_service.go:63.2,63.18 1 1
github.com/user/mangahub/internal/application/manga_service.go:26.88,28.2 1 1
github.com/user/mangahub/internal/application/manga_service.go:30.76,32.21 1 1
github.com/user/mangahub/internal/application/manga_service.go:32.21,34.3 1 1
github.com/user/mangahub/internal/application/manga_service.go:36.2,36.43 1 1
github.com/user/mangahub/internal/application/manga_service.go:36.43,38.3 1 0
github.com/user/mangahub/internal/application/manga_service.go:41.2,46.12 2 1
github.com/user/mangahub/internal/application/progress_service.go:19.97,21.2 1 1
github.com/user/mangahub/internal/application/progress_service.go:23.79,24.46 1 1
github.com/user/mangahub/internal/application/progress_service.go:24.46,26.3 1 0
github.com/user/mangahub/internal/application/progress_service.go:29.2,34.12 2 1
github.com/user/mangahub/internal/adapters/database/sqlite_manga_repo.go:12.60,14.2 1 1
github.com/user/mangahub/internal/adapters/database/sqlite_manga_repo.go:16.59,19.16 3 1
github.com/user/mangahub/internal/adapters/database/sqlite_manga_repo.go:19.16,21.3 1 0
github.com/user/mangahub/internal/adapters/database/sqlite_manga_repo.go:22.2,23.16 2 1
github.com/user/mangahub/internal/adapters/database/sqlite_manga_repo.go:23.16,25.3 1 0
github.com/user/mangahub/internal/adapters/database/sqlite_manga_repo.go:26.2,27.12 2 1
github.com/user/mangahub/internal/adapters/database/sqlite_manga_repo.go:30.67,36.16 5 1
github.com/user/mangahub/internal/adapters/database/sqlite_manga_repo.go:36.16,37.27 1 0
github.com/user/mangahub/internal/adapters/database/sqlite_manga_repo.go:37.27,39.4 1 0
github.com/user/mangahub/internal/adapters/database/sqlite_manga_repo.go:40.3,40.18 1 0
github.com/user/mangahub/internal/adapters/database/sqlite_manga_repo.go:42.2,42.15 1 1
github.com/user/mangahub/internal/adapters/database/sqlite_progress_repo.go:12.66,14.2 1 1
github.com/user/mangahub/internal/adapters/database/sqlite_progress_repo.go:16.72,24.2 3 1
github.com/user/mangahub/internal/adapters/database/sqlite_progress_repo.go:26.100,32.16 5 1
github.com/user/mangahub/internal/adapters/database/sqlite_progress_repo.go:32.16,33.27 1 0
github.com/user/mangahub/internal/adapters/database/sqlite_progress_repo.go:33.27,35.4 1 0
github.com/user/mangahub/internal/adapters/database/sqlite_progress_repo.go:36.3,36.18 1 0
github.com/user/mangahub/internal/adapters/database/sqlite_progress_repo.go:38.2,38.15 1 1
github.com/user/mangahub/internal/adapters/database/sqlite_user_repo.go:12.58,14.2 1 1
github.com/user/mangahub/internal/adapters/database/sqlite_user_repo.go:16.56,19.16 3 1
github.com/user/mangahub/internal/adapters/database/sqlite_user_repo.go:19.16,21.3 1 0
github.com/user/mangahub/internal/adapters/database/sqlite_user_repo.go:22.2,23.16 2 1
github.com/user/mangahub/internal/adapters/database/sqlite_user_repo.go:23.16,25.3 1 0
github.com/user/mangahub/internal/adapters/database/sqlite_user_repo.go:26.2,27.12 2 1
github.com/user/mangahub/internal/adapters/database/sqlite_user_repo.go:30.80,36.16 5 1
github.com/user/mangahub/internal/adapters/database/sqlite_user_repo.go:36.16,37.27 1 0
github.com/user/mangahub/internal/adapters/database/sqlite_user_repo.go:37.27,39.4 1 0
github.com/user/mangahub/internal/adapters/database/sqlite_user_repo.go:40.3,40.18 1 0
github.com/user/mangahub/internal/adapters/database/sqlite_user_repo.go:42.2,42.18 1 1
github.com/user/mangahub/internal/eventbus/bus.go:21.44,26.2 1 1
github.com/user/mangahub/internal/eventbus/bus.go:29.64,37.2 5 1
github.com/user/mangahub/internal/eventbus/bus.go:40.76,45.13 4 1
github.com/user/mangahub/internal/eventbus/bus.go:45.13,47.3 1 0
github.com/user/mangahub/internal/eventbus/bus.go:49.2,49.30 1 1
github.com/user/mangahub/internal/eventbus/bus.go:49.30,50.21 1 1
github.com/user/mangahub/internal/eventbus/bus.go:50.21,57.9 4 1
github.com/user/mangahub/internal/eventbus/bus.go:62.2,62.36 1 1
github.com/user/mangahub/internal/eventbus/bus.go:62.36,64.3 1 0
github.com/user/mangahub/internal/eventbus/bus.go:70.48,75.13 4 1
github.com/user/mangahub/internal/eventbus/bus.go:75.13,77.3 1 0
github.com/user/mangahub/internal/eventbus/bus.go:79.2,79.30 1 1
github.com/user/mangahub/internal/eventbus/bus.go:79.30,80.10 1 1
github.com/user/mangahub/internal/eventbus/bus.go:81.20,81.20 0 1
github.com/user/mangahub/internal/eventbus/bus.go:83.11,86.41 1 1
github.com/user/mangahub/internal/eventbus/bus.go:92.42,94.2 1 1
github.com/user/mangahub/internal/interfaces/http/handlers.go:21.78,23.2 1 1
github.com/user/mangahub/internal/interfaces/http/handlers.go:25.72,31.61 2 1
github.com/user/mangahub/internal/interfaces/http/handlers.go:31.61,34.3 2 0
github.com/user/mangahub/internal/interfaces/http/handlers.go:36.2,37.16 2 1
github.com/user/mangahub/internal/interfaces/http/handlers.go:37.16,40.3 2 1
github.com/user/mangahub/internal/interfaces/http/handlers.go:42.2,43.33 2 1
github.com/user/mangahub/internal/interfaces/http/handlers.go:46.69,51.61 2 1
github.com/user/mangahub/internal/interfaces/http/handlers.go:51.61,54.3 2 0
github.com/user/mangahub/internal/interfaces/http/handlers.go:56.2,57.16 2 1
github.com/user/mangahub/internal/interfaces/http/handlers.go:57.16,60.3 2 1
github.com/user/mangahub/internal/interfaces/http/handlers.go:63.2,64.16 2 1
github.com/user/mangahub/internal/interfaces/http/handlers.go:64.16,67.3 2 0
github.com/user/mangahub/internal/interfaces/http/handlers.go:69.2,69.68 1 1
github.com/user/mangahub/internal/interfaces/http/handlers.go:76.66,78.2 1 1
github.com/user/mangahub/internal/interfaces/http/handlers.go:80.71,82.9 2 1
github.com/user/mangahub/internal/interfaces/http/handlers.go:82.9,85.3 2 0
github.com/user/mangahub/internal/interfaces/http/handlers.go:87.2,88.63 2 1
github.com/user/mangahub/internal/interfaces/http/handlers.go:88.63,91.3 2 1
github.com/user/mangahub/internal/interfaces/http/handlers.go:93.2,93.65 1 1
github.com/user/mangahub/internal/interfaces/http/handlers.go:93.65,96.3 2 0
github.com/user/mangahub/internal/interfaces/http/handlers.go:98.2,99.34 2 1
github.com/user/mangahub/internal/interfaces/http/handlers.go:106.75,108.2 1 1
github.com/user/mangahub/internal/interfaces/http/handlers.go:110.74,112.9 2 1
github.com/user/mangahub/internal/interfaces/http/handlers.go:112.9,115.3 2 0
github.com/user/mangahub/internal/interfaces/http/handlers.go:117.2,121.61 2 1
github.com/user/mangahub/internal/interfaces/http/handlers.go:121.61,124.3 2 1
github.com/user/mangahub/internal/interfaces/http/handlers.go:126.2,132.67 2 1
github.com/user/mangahub/internal/interfaces/http/handlers.go:132.67,135.3 2 0
github.com/user/mangahub/internal/interfaces/http/handlers.go:137.2,137.37 1 1
github.com/user/mangahub/internal/interfaces/http/handlers.go:145.74,147.2 1 1
github.com/user/mangahub/internal/interfaces/http/handlers.go:149.71,152.18 3 1
github.com/user/mangahub/internal/interfaces/http/handlers.go:152.18,154.3 1 0
github.com/user/mangahub/internal/interfaces/http/handlers.go:156.2,163.4 1 1
github.com/user/mangahub/internal/interfaces/http/router.go:16.18,34.2 8 1
github.com/user/mangahub/config/config.go:18.27,20.21 2 1
github.com/user/mangahub/config/config.go:20.21,23.3 1 1
github.com/user/mangahub/config/config.go:25.2,26.18 2 1
github.com/user/mangahub/config/config.go:26.18,28.3 1 1
github.com/user/mangahub/config/config.go:30.2,31.16 2 1
github.com/user/mangahub/config/config.go:31.16,33.3 1 1
github.com/user/mangahub/config/config.go:35.2,36.19 2 1
github.com/user/mangahub/config/config.go:36.19,38.3 1 1
github.com/user/mangahub/config/config.go:40.2,42.57 3 1
github.com/user/mangahub/config/config.go:42.57,44.3 1 0
github.com/user/mangahub/config/config.go:46.2,52.3 1 1
github.com/user/mangahub/internal/middleware/auth.go:19.68,20.46 1 1
github.com/user/mangahub/internal/middleware/auth.go:20.46,21.72 1 1
github.com/user/mangahub/internal/middleware/auth.go:21.72,23.24 2 1
github.com/user/mangahub/internal/middleware/auth.go:23.24,26.5 2 1
github.com/user/mangahub/internal/middleware/auth.go:28.4,29.47 2 1
github.com/user/mangahub/internal/middleware/auth.go:29.47,32.5 2 0
github.com/user/mangahub/internal/middleware/auth.go:34.4,36.18 3 1
github.com/user/mangahub/internal/middleware/auth.go:36.18,39.5 2 1
github.com/user/mangahub/internal/middleware/auth.go:42.4,45.41 3 1
github.com/user/mangahub/pkg/auth/jwt.go:18.76,30.2 3 1
github.com/user/mangahub/pkg/auth/jwt.go:33.72,34.104 1 1
github.com/user/mangahub/pkg/auth/jwt.go:34.104,35.58 1 1
github.com/user/mangahub/pkg/auth/jwt.go:35.58,37.4 1 0
github.com/user/mangahub/pkg/auth/jwt.go:38.3,38.29 1 1
github.com/user/mangahub/pkg/auth/jwt.go:41.2,41.16 1 1
github.com/user/mangahub/pkg/auth/jwt.go:41.16,43.3 1 1
github.com/user/mangahub/pkg/auth/jwt.go:45.2,45.61 1 1
github.com/user/mangahub/pkg/auth/jwt.go:45.61,47.3 1 1
github.com/user/mangahub/pkg/auth/jwt.go:49.2,49.41 1 0
github.com/user/mangahub/internal/interfaces/tcp/hub.go:26.34,34.2 1 1
github.com/user/mangahub/internal/interfaces/tcp/hub.go:36.21,37.6 1 1
github.com/user/mangahub/internal/interfaces/tcp/hub.go:37.6,38.10 1 1
github.com/user/mangahub/internal/interfaces/tcp/hub.go:39.29,41.38 1 1
github.com/user/mangahub/internal/interfaces/tcp/hub.go:41.38,44.13 3 1
github.com/user/mangahub/internal/interfaces/tcp/hub.go:46.4,46.26 1 1
github.com/user/mangahub/internal/interfaces/tcp/hub.go:48.31,49.36 1 1
github.com/user/mangahub/internal/interfaces/tcp/hub.go:49.36,52.5 2 1
github.com/user/mangahub/internal/interfaces/tcp/hub.go:54.33,55.32 1 1
github.com/user/mangahub/internal/interfaces/tcp/hub.go:55.32,59.37 1 1
github.com/user/mangahub/internal/interfaces/tcp/hub.go:59.37,61.20 2 1
github.com/user/mangahub/internal/interfaces/tcp/hub.go:61.20,63.7 1 0
github.com/user/mangahub/internal/interfaces/tcp/hub.go:71.41,73.2 1 1
github.com/user/mangahub/internal/interfaces/tcp/server.go:20.62,26.2 1 1
github.com/user/mangahub/internal/interfaces/tcp/server.go:28.32,30.16 2 1
github.com/user/mangahub/internal/interfaces/tcp/server.go:30.16,32.3 1 0
github.com/user/mangahub/internal/interfaces/tcp/server.go:33.2,37.6 3 1
github.com/user/mangahub/internal/interfaces/tcp/server.go:37.6,39.17 2 1
github.com/user/mangahub/internal/interfaces/tcp/server.go:39.17,41.12 2 0
github.com/user/mangahub/internal/interfaces/tcp/server.go:44.3,44.30 1 1
github.com/user/mangahub/internal/interfaces/tcp/server.go:48.50,54.16 4 1
github.com/user/mangahub/internal/interfaces/tcp/server.go:54.16,58.3 3 1
github.com/user/mangahub/internal/interfaces/tcp/server.go:60.2,61.39 2 1
github.com/user/mangahub/internal/interfaces/tcp/server.go:61.39,65.3 3 0
github.com/user/mangahub/internal/interfaces/tcp/server.go:67.2,69.16 3 1
github.com/user/mangahub/internal/interfaces/tcp/server.go:69.16,73.3 3 1
github.com/user/mangahub/internal/interfaces/tcp/server.go:76.2,85.6 4 1
github.com/user/mangahub/internal/interfaces/tcp/server.go:85.6,87.17 2 1
github.com/user/mangahub/internal/interfaces/tcp/server.go:87.17,90.4 2 1
